*** EVALUATION ***
PROGRAM "C:\Users\kachb\Desktop\Hochschule Esslingen\Computerarchitektur\lab1-lcdVorlage\lab1-lcdVorlage\bin\Simulator.abs"

*********************************************************************************************
TARGET SECTION
---------------------------------------------------------------------------------------------
Processor   : Freescale HC12
Memory Model: SMALL
File Format : ELF\DWARF 2.0
Linker      : SmartLinker V-5.0.40 Build 10203, Jul 23 2010

*********************************************************************************************
FILE SECTION
---------------------------------------------------------------------------------------------
main.asm.o                              Model: SMALL,         Lang: Assembler

*********************************************************************************************
STARTUP SECTION
---------------------------------------------------------------------------------------------
Entry point: 0xC000 (Entry)

*********************************************************************************************
SECTION-ALLOCATION SECTION
Section Name                    Size  Type     From       To       Segment
---------------------------------------------------------------------------------------------
.init                             16     R     0xC000     0xC00F   ROM_C000
.stack                           256   R/W     0x1000     0x10FF   RAM
.vectSeg0_vect                     2     R     0xFFFE     0xFFFF   .vectSeg0

Summary of section sizes per section type:
READ_ONLY (R):          12 (dec:       18)
READ_WRITE (R/W):      100 (dec:      256)

*********************************************************************************************
VECTOR-ALLOCATION SECTION
    Address     InitValue   InitFunction
---------------------------------------------------------------------------------------------
     0xFFFE        0xC000   Entry

*********************************************************************************************
OBJECT-ALLOCATION SECTION
     Name               Module                 Addr   hSize   dSize     Ref    Section   RLIB
---------------------------------------------------------------------------------------------
MODULE:                 -- main.asm.o --
- PROCEDURES:
     Entry                                     C000      10      16       0   .init       
     main                                      C000       0       0       0   .init       
- VARIABLES:
- LABELS:
     __SEG_END_SSTACK                          1100       0       0       1               

*********************************************************************************************
MODULE STATISTIC
  Name                                      Data   Code  Const
---------------------------------------------------------------------------------------------
  main.asm.o                                   0     16      0
  other                                      256      2      0

*********************************************************************************************
SECTION USE IN OBJECT-ALLOCATION SECTION
---------------------------------------------------------------------------------------------
SECTION: ".init"
  main Entry 

*********************************************************************************************
OBJECT LIST SORTED BY ADDRESS
     Name                                      Addr   hSize   dSize     Ref    Section   RLIB
---------------------------------------------------------------------------------------------
     main                                      C000       0       0       0   .init       
     Entry                                     C000      10      16       0   .init       

*********************************************************************************************
UNUSED-OBJECTS SECTION
---------------------------------------------------------------------------------------------
NOT USED VARIABLES
main.asm.o:
  i asciiDec asciiHex MSG1 MSG2 msgA msgB msgC msgD 

*********************************************************************************************
COPYDOWN SECTION
---------------------------------------------------------------------------------------------

*********************************************************************************************
OBJECT-DEPENDENCIES SECTION
---------------------------------------------------------------------------------------------
Entry                     USES __SEG_END_SSTACK 

*********************************************************************************************
DEPENDENCY TREE
*********************************************************************************************
 main and _Startup Group
 | 
 +- main                
 |    
 +- Entry               
      
*********************************************************************************************
STATISTIC SECTION
---------------------------------------------------------------------------------------------

ExeFile:
--------
Number of blocks to be downloaded: 2
Total size of all blocks to be downloaded: 18

